UP总数: 160, 稿件表记录: 2149
加载已有结果: 150个UP，跳过已完成的
开始调用API，共10个UP待处理（总共160个）...
  [1/160] ✓ UP1856585105 小宝漫馆: ①网文改编影视解说，主打穿越、系统流爽文剧情，涵盖抗战穿越、修仙逆袭、末日求生等多元题材；②聚焦"废柴逆袭"叙事模式，通过金手指、系统觉醒等设定呈现主角从弱到强
  [2/160] ✓ UP3706966570437288 木子枫原创: ①校园青春爱情向原创短剧创作，以《学长，不许犯规》系列呈现学生群体间的情感互动与暧昧氛围；②聚焦年轻男性角色之间的情感线，通过露营、夜爬、游戏等场景展现轻松甜腻
  [3/160] ✓ UP3706979308538159 兮元呢: ①现代都市爽文短剧创作，聚焦底层劳动者在商业纠纷中被压榨欺诈，凭借专业能力和智慧反击逆袭的故事；②涵盖餐饮、废品回收、渔业运输等行业场景，主打"小人物对抗恶人"
  [4/160] ✓ UP40440826 sp枪出如龙: ①现代都市情感虐文剪辑，聚焦婚恋背叛、豪门真假千金、婆媳矛盾等狗血剧情，强调女主逆袭或离开后男方追悔莫及的爽文叙事；②古风言情向内容，涵盖王府宅斗、世子逃婚、摄
  [5/160] ✓ UP1409341076 你跑不掉的吖: 古装奇幻题材剪辑，主打妖姬使用"贴身法宝"（丝绸束缚道具）捕获猎物的戏剧化场景；内容聚焦女性角色通过计谋和法术将男性角色困于丝网之中的惩戒与囚禁情节，带有浓厚的
  [6/160] ✓ UP3706978742307502 TKK俱乐部: 海外趣味挑战搬运向内容，专注于外国小姐姐参与的"挠痒憋笑"互动游戏，搭配挑战后的采访反馈环节，呈现参与者的真实反应与体验分享，轻松娱乐的氛围适合快节奏观看。
  [7/160] ✓ UP487102930 魔术盼叔: ①纸牌魔术进阶教学内容，主攻巴格拉斯效果、三明治手法、发底牌等经典牌技的改良版本与快速上手方法；②提供一对一答疑服务，针对魔术爱好者在手法选择、流程设计等实战问
  [8/160] ✓ UP3546559199316708 夏天的小薯条: ①专注ABO世界观下的双女主虐恋爽文剪辑，主打Alpha与Omega之间的情感纠葛；②核心看点集中在身份反转（隐藏豪门身份）、被背叛后的复仇反击、以及前任悔不当
  [9/160] ✓ UP3690975142611042 白鲸小栈: ①都市情感爽文剧情动画，主打"被背叛-重生反转-强势逆袭"的复仇叙事，涵盖婚恋背叛、职场打脸、穿越逆袭等高爽情节；②古风权谋虐恋向内容，聚焦宫廷婚配阴谋、身份反
  [10/160] ✓ UP3706980201925031 錦汐漫剧: ①双男主耽美向剧情剪辑，涵盖古装仙侠、现代都市、穿越重生等多元题材，主打高甜CP互动与纯爱叙事；②聚焦"强强对决""忠犬攻宠溺受""破镜重圆"等经典人设组合，着

完成！共160个UP，错误0个，JSON已保存: c:\Users\dengyuting02\WorkBuddy\20260514140206\up_summaries.json

开始生成热点主题总结...
热点主题总结已生成: c:\Users\dengyuting02\WorkBuddy\20260514140206\hot_topics.json
--- 热点主题预览 ---
🔥 AI漫剧爆发
代表UP：落九乌_原创漫剧、半镜故事、九夏小漫社、浅月漫社、冰岛咖啡动漫站、纸上白月光、26格漫剧
趋势描述：AI生成技术降低制作门槛，双男主耽美向、ABO设定、先虐后甜成标配，连载式追番体验成新宠

---

🔥 投资研报热
代表UP：万物周期研究所、P大的芒果Mango、调研纪要先知、小巴的投研之旅、草莓研报
趋势描述：半导体、AI算力、存储芯片等科技赛道密集输出，产业链拆解+数据量化成标准打法

---

🔥 占卜塔罗潮
代表UP：格兰芬多的塔罗室、格桑花家的㜩萨、玉猫塔罗、九燚三土上祝融
趋势描述：情感关系预测、明星运势解读、能量疗愈三大方向并行，520等节点引爆流量

---

🔥 ASMR助眠
代表UP：nara治愈、劳拉的枕头、RED_OFFICIAL_
趋势描述：角色扮演场景化、声音触发多样化、睡前陪伴情感化，治愈经济持续升温

---

🔥 爽文剪辑潮
代表UP：分享快乐快乐每天、檀溪剧场、浩然剧场、兮元呢
趋势描述：小人物被欺压后凭技术/资源反击的职场复仇叙事，AI动态漫降低制作成本推动量产
