Pipeline started at 2026-06-08T17:32:27.760766
[17:32:27] [INFO] ▶ 前置检查
[17:32:27] [INFO] ✓ 从 ~/.workbuddy/adhoc-config.json 读取 ADHOC_TOKEN
[17:32:27] [INFO] ✓ 所有必要文件存在
[17:32:27] [INFO] ▶ 步骤1/7: 取主表（code1新星 + code6黑马）
[17:32:27] [INFO]   命令: "C:\Users\dengyuting02\.workbuddy\binaries\python\versions\3.13.12\python.exe" run_all.py --phase 1
[17:32:54] [OUTPUT]   ============================================================
[17:32:54] [OUTPUT]   阶段1: 并行执行代码1(新星UP榜) + 代码6(黑马UP榜)
[17:32:54] [OUTPUT]   ============================================================
[17:32:54] [OUTPUT]   [代码1-新星UP榜] Submitting (5160 chars)...
[17:32:54] [OUTPUT]   [代码6-黑马UP榜] Submitting (7149 chars)...
[17:32:54] [OUTPUT]   [代码6-黑马UP榜] Query ID: 109957269
[17:32:54] [OUTPUT]   [代码6-黑马UP榜] [0s] RUNNING
[17:32:54] [OUTPUT]   [代码1-新星UP榜] Query ID: 109957270
[17:32:54] [OUTPUT]   [代码1-新星UP榜] [0s] RUNNING
[17:32:54] [OUTPUT]   [代码6-黑马UP榜] [10s] RUNNING
[17:32:54] [OUTPUT]   [代码1-新星UP榜] [10s] RUNNING
[17:32:54] [OUTPUT]   [代码6-黑马UP榜] [20s] RUNNING
[17:32:54] [OUTPUT]   [代码1-新星UP榜] [20s] RUNNING
[17:32:54] [ERROR] ✗ 步骤1/7: 取主表（code1新星 + code6黑马） 失败 (exit=143)
[17:32:54] [ERROR]   stderr: ============================================================
阶段1: 并行执行代码1(新星UP榜) + 代码6(黑马UP榜)
============================================================
[代码1-新星UP榜] Submitting (5160 chars)...
[代码6-黑马UP榜] Submitting (7149 chars)...
[代码6-黑马UP榜] Query ID: 109957269
[代码6-黑马UP榜] [0s] RUNNING
[代码1-新星UP榜] Query ID: 109957270
[代码1-新星UP榜] [0s] RUNNING
[代码6-黑马UP榜] [10s] RUNNING
[代码1-新星UP榜] [10s] RUNNING
[代码6-黑马UP榜] [20s] RUNNING
[代码1-新星UP榜] [20s] RUNNING
[17:32:54] [ERROR] 
✗ 流水线在步骤1失败，总耗时 27s
[17:32:54] [ERROR]   详细日志: C:\Users\dengyuting02\WorkBuddy\20260514140206\pipeline.log
