{"timestamp":"2026-06-15T06:08:19.654Z","level":"info","scope":"startup","event":"renderer.ipc.getWorkspaces.success","workspaceId":"a135558a-80cc-6c3b-a2c5-c1281797ba7d","workspaceName":"20260514140206","workspaceCount":2}
{"timestamp":"2026-06-15T06:08:19.658Z","level":"info","scope":"startup","event":"renderer.ipc.getSessions.success","workspaceId":"a135558a-80cc-6c3b-a2c5-c1281797ba7d","workspaceName":"20260514140206","sessionCount":0}
{"timestamp":"2026-06-15T06:12:25.547Z","level":"info","scope":"startup","event":"renderer.ipc.getWorkspaces.success","workspaceId":"a135558a-80cc-6c3b-a2c5-c1281797ba7d","workspaceName":"20260514140206","workspaceCount":2}
{"timestamp":"2026-06-15T06:12:25.556Z","level":"info","scope":"startup","event":"renderer.ipc.getSessions.success","workspaceId":"a135558a-80cc-6c3b-a2c5-c1281797ba7d","workspaceName":"20260514140206","sessionCount":0}
{"timestamp":"2026-06-16T04:29:06.364Z","level":"info","scope":"startup","event":"sessionBackup.config","workspaceId":"a135558a-80cc-6c3b-a2c5-c1281797ba7d","workspaceName":"20260514140206","enabled":true}
{"timestamp":"2026-06-16T04:29:06.367Z","level":"info","scope":"startup","event":"startup.begin","workspaceId":"a135558a-80cc-6c3b-a2c5-c1281797ba7d","workspaceName":"20260514140206","platform":"win32","arch":"x64","isPackaged":true,"appVersion":"0.2.208","electronVersion":"39.2.7","chromeVersion":"142.0.7444.235","nodeVersion":"22.21.1","pid":15108,"debugMode":false,"configDirOverride":"unset","configPresent":true,"workspaceCount":2,"activeWorkspaceId":"f5da7b4b-c729-67d2-fd08-16b07f6658e6","savedWindowCount":0,"hasLastSessionTarget":true}
{"timestamp":"2026-06-16T04:29:06.369Z","level":"info","scope":"startup","event":"workspace.scan","workspaceId":"a135558a-80cc-6c3b-a2c5-c1281797ba7d","workspaceName":"20260514140206","rootPath":"C:\\Users\\dengyuting02\\WorkBuddy\\20260514140206","workspaceConfigReadable":true,"sessionsDirExists":true,"sessionDirectoryCount":0}
{"timestamp":"2026-06-16T04:29:06.470Z","level":"info","scope":"startup","event":"sessionManager.initialize.begin","workspaceId":"a135558a-80cc-6c3b-a2c5-c1281797ba7d","workspaceName":"20260514140206"}
{"timestamp":"2026-06-16T04:29:06.549Z","level":"info","scope":"startup","event":"sessionManager.initialize.success","workspaceId":"a135558a-80cc-6c3b-a2c5-c1281797ba7d","workspaceName":"20260514140206"}
{"timestamp":"2026-06-16T04:29:06.551Z","level":"info","scope":"startup","event":"backgroundServices.schedule","workspaceId":"a135558a-80cc-6c3b-a2c5-c1281797ba7d","workspaceName":"20260514140206","delayMs":1500}
{"timestamp":"2026-06-16T04:29:08.172Z","level":"info","scope":"startup","event":"backgroundServices.start","workspaceId":"a135558a-80cc-6c3b-a2c5-c1281797ba7d","workspaceName":"20260514140206","workspaceCount":2}
{"timestamp":"2026-06-16T04:29:08.174Z","level":"info","scope":"startup","event":"backgroundServices.qmd.success","workspaceId":"a135558a-80cc-6c3b-a2c5-c1281797ba7d","workspaceName":"20260514140206"}
{"timestamp":"2026-06-16T04:29:08.477Z","level":"info","scope":"startup","event":"backgroundServices.daemonServer.success","workspaceId":"a135558a-80cc-6c3b-a2c5-c1281797ba7d","workspaceName":"20260514140206"}
{"timestamp":"2026-06-16T04:29:11.922Z","level":"info","scope":"startup","event":"backgroundServices.bxkDaemons.success","workspaceId":"a135558a-80cc-6c3b-a2c5-c1281797ba7d","workspaceName":"20260514140206"}
{"timestamp":"2026-06-16T04:29:19.503Z","level":"info","scope":"startup","event":"backgroundServices.agentManager.success","workspaceId":"a135558a-80cc-6c3b-a2c5-c1281797ba7d","workspaceName":"20260514140206"}
{"timestamp":"2026-06-22T06:00:11.442Z","level":"info","scope":"startup","event":"sessionBackup.config","workspaceId":"a135558a-80cc-6c3b-a2c5-c1281797ba7d","workspaceName":"20260514140206","enabled":true}
{"timestamp":"2026-06-22T06:00:11.452Z","level":"info","scope":"startup","event":"startup.begin","workspaceId":"a135558a-80cc-6c3b-a2c5-c1281797ba7d","workspaceName":"20260514140206","platform":"win32","arch":"x64","isPackaged":true,"appVersion":"0.2.208","electronVersion":"39.2.7","chromeVersion":"142.0.7444.235","nodeVersion":"22.21.1","pid":1532,"debugMode":false,"configDirOverride":"unset","configPresent":true,"workspaceCount":2,"activeWorkspaceId":"f5da7b4b-c729-67d2-fd08-16b07f6658e6","savedWindowCount":0,"hasLastSessionTarget":true}
{"timestamp":"2026-06-22T06:00:11.459Z","level":"info","scope":"startup","event":"workspace.scan","workspaceId":"a135558a-80cc-6c3b-a2c5-c1281797ba7d","workspaceName":"20260514140206","rootPath":"C:\\Users\\dengyuting02\\WorkBuddy\\20260514140206","workspaceConfigReadable":true,"sessionsDirExists":true,"sessionDirectoryCount":0}
{"timestamp":"2026-06-22T06:00:11.709Z","level":"info","scope":"startup","event":"sessionManager.initialize.begin","workspaceId":"a135558a-80cc-6c3b-a2c5-c1281797ba7d","workspaceName":"20260514140206"}
{"timestamp":"2026-06-22T06:00:11.922Z","level":"info","scope":"startup","event":"sessionManager.initialize.success","workspaceId":"a135558a-80cc-6c3b-a2c5-c1281797ba7d","workspaceName":"20260514140206"}
{"timestamp":"2026-06-22T06:00:11.927Z","level":"info","scope":"startup","event":"backgroundServices.schedule","workspaceId":"a135558a-80cc-6c3b-a2c5-c1281797ba7d","workspaceName":"20260514140206","delayMs":1500}
{"timestamp":"2026-06-22T06:00:13.863Z","level":"info","scope":"startup","event":"backgroundServices.start","workspaceId":"a135558a-80cc-6c3b-a2c5-c1281797ba7d","workspaceName":"20260514140206","workspaceCount":2}
{"timestamp":"2026-06-22T06:00:13.867Z","level":"info","scope":"startup","event":"backgroundServices.qmd.success","workspaceId":"a135558a-80cc-6c3b-a2c5-c1281797ba7d","workspaceName":"20260514140206"}
{"timestamp":"2026-06-22T06:00:14.346Z","level":"info","scope":"startup","event":"backgroundServices.daemonServer.success","workspaceId":"a135558a-80cc-6c3b-a2c5-c1281797ba7d","workspaceName":"20260514140206"}
{"timestamp":"2026-06-22T06:00:17.426Z","level":"info","scope":"startup","event":"backgroundServices.bxkDaemons.success","workspaceId":"a135558a-80cc-6c3b-a2c5-c1281797ba7d","workspaceName":"20260514140206"}
{"timestamp":"2026-06-22T06:00:26.943Z","level":"info","scope":"startup","event":"backgroundServices.agentManager.success","workspaceId":"a135558a-80cc-6c3b-a2c5-c1281797ba7d","workspaceName":"20260514140206"}
